2023-09-28 10:30:13,030 INFO Logs:  test_href був запущений (test_driver_methods_for_automatenspielex_start_page.py:41)
2023-09-28 10:30:16,568 INFO Logs:  test_href був запущений (test_driver_methods_for_automatenspielex_start_page.py:50)
2023-09-28 10:32:00,300 INFO Logs:  test_href був запущений (test_driver_methods_for_automatenspielex_start_page.py:41)
2023-09-28 10:32:03,654 INFO Logs:  test_href був запущений (test_driver_methods_for_automatenspielex_start_page.py:50)
2023-09-28 10:42:07,482 INFO Logs:  test_href був запущений (test_driver_methods_for_automatenspielex_start_page.py:41)
2023-09-28 10:42:10,524 INFO Logs:  test_href був запущений (test_driver_methods_for_automatenspielex_start_page.py:50)
2023-09-28 10:47:24,553 INFO Logs:  test_href був запущений (test_driver_methods_for_automatenspielex_start_page.py:40)
2023-09-28 10:47:28,261 INFO Logs:  test_href був запущений (test_driver_methods_for_automatenspielex_start_page.py:49)
2023-09-28 10:49:10,270 INFO Logs:  test_href був запущений (test_driver_methods_for_automatenspielex_start_page.py:40)
2023-09-28 10:49:15,013 INFO Logs:  test_href був запущений (test_driver_methods_for_automatenspielex_start_page.py:49)
2023-09-28 10:50:45,180 INFO Logs:  test_href був запущений (test_driver_methods_for_automatenspielex_start_page.py:40)
2023-09-28 10:50:48,711 INFO Logs:  test_href був запущений (test_driver_methods_for_automatenspielex_start_page.py:49)
2023-09-28 10:57:42,780 INFO Logs:  test_href був запущений (test_driver_methods_for_automatenspielex_start_page.py:38)
2023-09-28 10:57:45,693 INFO Logs:  test_href був запущений (test_driver_methods_for_automatenspielex_start_page.py:47)
2024-01-04 17:24:08,553 INFO Logs:  test_href був запущений (test_driver_methods_for_automatenspielex_start_page.py:38)
2024-01-08 11:52:44,359 INFO Logs:  test_href був запущений (test_driver_methods_for_automatenspielex_start_page.py:38)
2024-01-08 11:55:51,422 INFO Logs:  test_href був запущений (test_driver_methods_for_automatenspielex_start_page.py:38)
