2023-11-24 13:18:53 INFO Logs: Тест має статус виконання "passed", був запущений (test_testrail_all.py:107)
2023-11-24 13:50:19 INFO Logs: Тест має статус виконання "failed", помилка assert False == True, був запущений (test_testrail_all.py:124)
2023-11-24 13:51:26 INFO Logs: Тест має статус виконання "passed", був запущений (test_testrail_all.py:119)
2023-11-24 13:52:24 INFO Logs: Тест має статус виконання "passed", був запущений (test_testrail_all.py:119)
2023-11-24 13:53:05 INFO Logs: Тест має статус виконання "passed", був запущений (test_testrail_all.py:120)
2023-11-24 13:55:04 INFO Logs: Тест має статус виконання "passed", був запущений (test_testrail_all.py:120)
2023-11-24 13:56:28 INFO Logs: Тест має статус виконання "passed", був запущений (test_testrail_all.py:120)
2023-11-24 13:59:05 INFO Logs: Тест має статус виконання "passed", був запущений (test_testrail_all.py:107)
2023-11-24 13:59:40 INFO Logs: Тест має статус виконання "passed", був запущений (test_testrail_all.py:107)
2023-11-24 13:59:56 INFO Logs: Тест має статус виконання "passed", був запущений (test_testrail_all.py:107)
2023-11-24 14:00:07 INFO Logs: Тест має статус виконання "passed", був запущений (test_testrail_all.py:107)
2023-11-24 14:00:49 INFO Logs: Тест має статус виконання "passed", був запущений (test_testrail_all.py:107)
2023-11-24 14:07:11 INFO Logs: Тест має статус виконання "failed", помилка assert False == True, був запущений (test_testrail_all.py:111)
2023-11-24 14:07:39 INFO Logs: Тест має статус виконання "passed", був запущений (test_testrail_all.py:107)
2023-12-05 13:00:56 INFO Logs: Тест має статус виконання "passed", був запущений (test_testrail_all.py:123)
2023-12-05 13:04:38 INFO Logs: Тест має статус виконання "passed", був запущений (test_testrail_all.py:123)
2023-12-05 13:11:04 INFO Logs: Тест має статус виконання "passed", був запущений (test_testrail_all.py:123)
2023-12-05 13:14:56 INFO Logs: Тест має статус виконання "passed", був запущений (test_testrail_all.py:123)
2023-12-05 13:23:55 INFO Logs: Тест має статус виконання "failed", помилка assert True == False, був запущений (test_testrail_all.py:128)
2023-12-05 13:24:51 INFO Logs: Тест має статус виконання "passed", був запущений (test_testrail_all.py:123)
2023-12-05 13:27:22 INFO Logs: Тест має статус виконання "passed", був запущений (test_testrail_all.py:123)
2023-12-05 13:29:25 INFO Logs: Тест має статус виконання "passed", був запущений (test_testrail_all.py:123)
2023-12-05 13:30:33 INFO Logs: Тест має статус виконання "passed", був запущений (test_testrail_all.py:123)
